// Jest Snapshot v1, https://goo.gl/fbAQLP

exports[`renders correctly 1`] = `
<div>
  <button
    className="btn btn"
    onClick={[Function]}
    title="counter"
  >
    0
  </button>
</div>
`;
